// Jest Snapshot v1, https://goo.gl/fbAQLP

exports[`StdHeader.vue renders a StdHeader component 1`] = `
<v-container-stub
  class="top-nav-toolbar"
  fluid=""
  id="header-main"
  tag="div"
>
  <v-layout-stub
    tag="div"
  >
    <div>
      <router-link-stub
        event="click"
        id="namex-logo-home-link"
        tag="a"
        to="/home"
      >
        <img
          alt="Names Examination"
          id="bcgovnamexlogo"
          src="static/images/top-nav.png"
          title="Names Examination Header"
        />
      </router-link-stub>
    </div>
     
    <!---->
     
    <div
      class="ml-auto px-3"
    >
      <v-toolbar-stub
        color="white"
        flat="true"
        height="70px"
        scrollthreshold="300"
      >
        <!---->
         
        <router-link-stub
          class="mt-auto mb-auto"
          event="click"
          id="header-login-button"
          tag="a"
          to="/signin"
        >
          Login
        </router-link-stub>
      </v-toolbar-stub>
    </div>
  </v-layout-stub>
</v-container-stub>
`;
