// Jest Snapshot v1, https://goo.gl/fbAQLP

exports[`CorpMatch.vue renders a CorpMatch component 1`] = `
<v-container-stub
  align-start=""
  fluid=""
  pb-3=""
  pl-4=""
  pt-0=""
  tag="div"
>
  <v-layout-stub
    align-items-start=""
    tag="div"
  >
    <v-layout-stub
      align-items-start=""
      tag="div"
      wrap=""
    >
      <v-flex-stub
        item-heading=""
        lg5=""
        tag="div"
      >
        Type:
      </v-flex-stub>
       
      <v-flex-stub
        lg7=""
        tag="div"
      >
        BC Corporation
      </v-flex-stub>
       
      <v-flex-stub
        item-heading=""
        lg5=""
        mt-3=""
        tag="div"
      >
        Corp Number:
      </v-flex-stub>
       
      <v-flex-stub
        lg7=""
        mt-3=""
        tag="div"
      >
        
      </v-flex-stub>
       
      <v-flex-stub
        item-heading=""
        lg5=""
        mt-3=""
        tag="div"
      >
        Directors
      </v-flex-stub>
       
      <v-flex-stub
        lg7=""
        mt-3=""
        tag="div"
      />
       
      <v-flex-stub
        item-heading=""
        lg5=""
        mt-3=""
        tag="div"
      >
        Nature Of Business
      </v-flex-stub>
       
      <v-flex-stub
        lg7=""
        mt-3=""
        tag="div"
      >
        
      </v-flex-stub>
    </v-layout-stub>
     
    <v-layout-stub
      align-items-start=""
      tag="div"
      wrap=""
    >
      <v-flex-stub
        item-heading=""
        lg5=""
        tag="div"
      >
        Records Office Delivery Address:
      </v-flex-stub>
       
      <v-flex-stub
        lg7=""
        pl-2=""
        tag="div"
      />
       
      <v-flex-stub
        item-heading=""
        lg5=""
        mt-3=""
        tag="div"
      >
        Registered Office Delivery Address:
      </v-flex-stub>
       
      <v-flex-stub
        lg7=""
        mt-3=""
        pl-2=""
        tag="div"
      />
    </v-layout-stub>
  </v-layout-stub>
   
  <!---->
</v-container-stub>
`;
