// Jest Snapshot v1, https://goo.gl/fbAQLP

exports[`HistoryList.vue renders a HistoryList component 1`] = `
<v-container-stub
  fluid=""
  ma-0=""
  pa-0=""
  tag="div"
>
  <spinner-stub
    classname="history-spinner hidden"
  />
   
  <v-layout-stub
    id="history-list-view"
    ma-0=""
    pa-0=""
    tag="div"
  >
    <!---->
  </v-layout-stub>
</v-container-stub>
`;
