// Jest Snapshot v1, https://goo.gl/fbAQLP

exports[`NameExamination.vue renders a NameExamination view 1`] = `
<fragment-stub
  name="namex-fragment"
>
  <!---->
   
  <!---->
   
  <commentspopup-stub />
   
  <v-container-stub
    fluid=""
    name-exam-container=""
    tag="div"
  >
    <v-layout-stub
      tag="div"
    >
      <requestinfoheader-stub />
    </v-layout-stub>
     
    <v-layout-stub
      tag="div"
      wrap=""
    >
      <v-flex-stub
        lg12=""
        tag="div"
      >
        <compname-stub />
      </v-flex-stub>
    </v-layout-stub>
  </v-container-stub>
</fragment-stub>
`;
