// Jest Snapshot v1, https://goo.gl/fbAQLP

exports[`NameExamination.vue renders a NameExamination view 1`] = `
<fragment-stub
  name="ca3ec89d5"
>
  <!---->
   
  <!---->
   
  <commentspopup-stub />
   
  <vcontainer-stub
    fluid=""
    ma-0=""
    pa-0=""
    tag="div"
  >
    <vlayout-stub
      tag="div"
    >
      <requestinfoheaderview-stub />
    </vlayout-stub>
  </vcontainer-stub>
   
  <div
    style="position: relative; width: 100%; background-color: white;"
  >
    <div
      class="lower-section container-fluid"
    >
      <div
        class="namePage"
      >
        <div
          class="row"
        >
          <div
            class="col"
            style="background-color: white;"
          >
            <compnameview-stub />
          </div>
        </div>
         
        <div
          class="row"
        >
          <recipemenu-stub />
           
          <div
            class="col"
          >
            <matchissues-stub />
          </div>
        </div>
      </div>
    </div>
  </div>
</fragment-stub>
`;
