// Jest Snapshot v1, https://goo.gl/fbAQLP

exports[`ConflictRecipe.vue renders a ConflictRecipe component 1`] = `
<div
  class="row"
>
  <conflictlistview-stub />
   
  <div
    class="col corpDet"
  >
    <h2
      id="currentConflictName"
    >
      
    </h2>
     
    <conflictinfoview-stub />
  </div>
   
  <div
    class="col client-info-view"
  >
    <h2
      style="text-transform: uppercase;"
    >
      
    </h2>
     
    <div
      class="add-top-padding"
    >
      <h3>
        NR #
      </h3>
       
      <p>
        
      </p>
       
      <h3>
        Submitted
      </h3>
       
      <p>
        
      </p>
    </div>
     
    <div
      class="add-top-padding"
    >
      <clientinfoview-stub />
    </div>
  </div>
</div>
`;
