// Jest Snapshot v1, https://goo.gl/fbAQLP

exports[`FindFilter.vue renders a FindFilter component 1`] = `
<div>
  <div
    class="container-fluid"
  >
    <table>
      <thead>
        <tr
          id="filter-header"
        >
          <th>
            <select
              class="form-control"
              id="search-filter-state"
            >
              <option
                value="ALL"
              >
                ALL
              </option>
              <option
                value="HOLD"
              >
                HOLD
              </option>
              <option
                value="INPROGRESS"
              >
                INPROGRESS
              </option>
              <option
                value="DRAFT"
              >
                DRAFT
              </option>
              <option
                value="EXPIRED"
              >
                EXPIRED
              </option>
              <option
                value="CANCELLED"
              >
                CANCELLED
              </option>
              <option
                value="APPROVED"
              >
                APPROVED
              </option>
              <option
                value="CONDITIONAL"
              >
                CONDITIONAL
              </option>
              <option
                value="REJECTED"
              >
                REJECTED
              </option>
              <option
                value="COMPLETED"
              >
                COMPLETED
              </option>
            </select>
          </th>
           
          <th>
            <input
              class="form-control"
              id="search-filter-examiner"
              placeholder="Username"
            />
          </th>
           
          <th>
            <input
              class="form-control"
              id="search-filter-nr-number"
              placeholder="NR Number"
            />
          </th>
           
          <th>
            <input
              class="form-control"
              id="search-filter-company"
              placeholder="Name"
            />
          </th>
           
          <th />
           
          <th>
            <select
              class="form-control"
              id="search-filter-priority"
            >
              <option
                value="All"
              >
                All
              </option>
              <option
                value="Priority"
              >
                Priority
              </option>
              <option
                value="Standard"
              >
                Standard
              </option>
            </select>
          </th>
           
          <th>
            <select
              class="form-control"
              id="search-filter-furnished"
            >
              <option
                value="All"
              >
                All
              </option>
              <option
                value="Notified"
              >
                Notified
              </option>
              <option
                value="Not Notified"
              >
                Not Notified
              </option>
            </select>
          </th>
           
          <th>
            <select
              class="form-control"
              id="search-filter-submittedDate"
            >
              <option
                value="Today"
              >
                Today
              </option>
              <option
                value="7 days"
              >
                7 days
              </option>
              <option
                value="30 days"
              >
                30 days
              </option>
              <option
                value="90 days"
              >
                90 days
              </option>
              <option
                value="1 year"
              >
                1 year
              </option>
              <option
                value="3 years"
              >
                3 years
              </option>
              <option
                value="5 years"
              >
                5 years
              </option>
              <option
                value="All"
              >
                All
              </option>
            </select>
          </th>
           
          <th>
            <select
              class="form-control"
              id="search-filter-lastUpdate"
            >
              <option
                value="Today"
              >
                Today
              </option>
              <option
                value="Yesterday"
              >
                Yesterday
              </option>
              <option
                value="2 days"
              >
                2 days
              </option>
              <option
                value="7 days"
              >
                7 days
              </option>
              <option
                value="30 days"
              >
                30 days
              </option>
              <option
                value="All"
              >
                All
              </option>
            </select>
          </th>
           
          <th />
        </tr>
      </thead>
    </table>
     
    <h1>
      Search
    </h1>
     
    <span
      class="searchTable"
      id="search-table-container"
    >
      <brow-stub
        id="table-options"
        tag="div"
      >
        <bcol-stub
          tag="div"
        >
          <blink-stub
            activeclass="active"
            event="click"
            exactactiveclass="active"
            id="clear-filter"
            routertag="a"
            target="_self"
          >
            Clear Filters
          </blink-stub>
        </bcol-stub>
         
        <bcol-stub
          tag="div"
        >
          <brow-stub
            id="pagination"
            tag="div"
          >
            <bcol-stub
              tag="div"
            >
              <p
                id="results"
              >
                Results: 0
              </p>
            </bcol-stub>
             
            <bcol-stub
              tag="div"
            >
              <bformgroup-stub
                breakpoint="sm"
                horizontal="true"
                id="display-selection"
                label="Display:"
                labelcols="3"
              >
                <bformselect-stub
                  options="5,10,20,50,100"
                  selectsize="0"
                  style="width: 60px; float: right; margin-right: 10px;"
                  value="10"
                />
              </bformgroup-stub>
            </bcol-stub>
             
            <bcol-stub
              tag="div"
            >
              <bformgroup-stub
                breakpoint="sm"
                horizontal="true"
                id="page-selection"
                label="Page:"
                labelcols="3"
              >
                <bformselect-stub
                  options="1"
                  selectsize="0"
                  style="width: 60px; float: right;"
                  value="1"
                />
              </bformgroup-stub>
            </bcol-stub>
             
            <bcol-stub
              tag="div"
            >
              <div
                id="prev-next-page"
              >
                <span>
                  of 1
                </span>
                 
                <bbuttongroup-stub
                  ariarole="group"
                  tag="div"
                >
                  <bbtn-stub
                    activeclass="active"
                    event="click"
                    exactactiveclass="active"
                    id="previous"
                    routertag="a"
                    target="_self"
                    type="button"
                  >
                    ‹
                  </bbtn-stub>
                   
                  <bbtn-stub
                    activeclass="active"
                    event="click"
                    exactactiveclass="active"
                    id="next"
                    routertag="a"
                    target="_self"
                    type="button"
                  >
                    ›
                  </bbtn-stub>
                </bbuttongroup-stub>
              </div>
            </bcol-stub>
          </brow-stub>
        </bcol-stub>
      </brow-stub>
       
      <btable-stub
        apiurl=""
        class="pre-line scroll"
        currentpage="1"
        emptyfilteredtext="There are no records matching your request"
        emptytext="There are no records to show"
        fields="[object Object],[object Object],[object Object],[object Object],[object Object],[object Object],[object Object],[object Object],[object Object],[object Object]"
        fixed="true"
        footvariant=""
        headvariant=""
        hover="true"
        id="search-table"
        items=""
        labelsortasc="Click to sort Ascending"
        labelsortdesc="Click to sort Descending"
        perpage="0"
        showempty="true"
        sortdirection="asc"
        striped="true"
        value=""
      />
    </span>
  </div>
</div>
`;
