// Jest Snapshot v1, https://goo.gl/fbAQLP

exports[`ConflictList.vue renders a ConflictList component 1`] = `
<div
  class="col conflict-list-parent-col"
>
  <div
    class="row conflict-list-view"
  >
    <select
      border="0"
      class="form-control"
      id="conflict-list"
      size="17"
      tabindex="2"
    >
      <option
        class="exact-match-title"
        disabled="disabled"
        value="[object Object]"
      >
        
        Exact Match
      
      </option>
      <option
        class="conflict-no-match"
        disabled="disabled"
        value="[object Object]"
      >
        
        No Exact Match
      
      </option>
      <option
        class="synonym-match-title"
        disabled="disabled"
        value="[object Object]"
      >
        
        Exact Word Order + Synonym Match
      
      </option>
      <option
        class="conflict-no-match"
        disabled="disabled"
        value="[object Object]"
      >
        
        No Match
      
      </option>
    </select>
  </div>
</div>
`;
