// Jest Snapshot v1, https://goo.gl/fbAQLP

exports[`ConflictInfo.vue renders a ConflictInfo component 1`] = `
<v-container-stub
  bg-color=""
  fluid=""
  id="conflict-info-container"
  ma-0=""
  pa-0=""
  tag="div"
>
  <v-layout-stub
    id="conflict-info-layout"
    tag="div"
  >
    <spinner-stub
      classname="conflict-detail-spinner pb-5"
    />
     
    <nullmatch-stub
      class="conflict-info-view"
    />
  </v-layout-stub>
</v-container-stub>
`;
