// Jest Snapshot v1, https://goo.gl/fbAQLP

exports[`ConflictList.vue renders a ConflictList component 1`] = `
<v-layout-stub
  column=""
  fs-15=""
  id="conflict-list"
  tag="div"
>
  <v-flex-stub
    class="exact-match-title"
    tag="div"
  >
    <v-flex-stub
      fw-400=""
      tag="div"
    >
      lala
    </v-flex-stub>
  </v-flex-stub>
  <v-flex-stub
    class="exact-match-spinner spinner-wrapper hidden"
    tag="div"
  >
    <spinner-stub
      classname="mini"
    />
  </v-flex-stub>
  <v-flex-stub
    class="conflict-no-match"
    tag="div"
  >
    <v-flex-stub
      fw-400=""
      tag="div"
    >
      lala
    </v-flex-stub>
  </v-flex-stub>
   
  <v-flex-stub
    class="synonym-match-title"
    tag="div"
  >
    <v-layout-stub
      tag="div"
    >
      <v-flex-stub
        fw-400=""
        grow=""
        tag="div"
      />
    </v-layout-stub>
  </v-flex-stub>
  <v-flex-stub
    class="synonym-match-spinner spinner-wrapper hidden"
    tag="div"
  >
    <v-layout-stub
      tag="div"
    >
      <v-flex-stub
        tag="div"
      >
        <spinner-stub
          classname="mini"
        />
      </v-flex-stub>
    </v-layout-stub>
  </v-flex-stub>
  <v-flex-stub
    class="conflict-no-match"
    tag="div"
  >
    <v-layout-stub
      tag="div"
    >
      <v-flex-stub
        fw-400=""
        grow=""
        tag="div"
      />
    </v-layout-stub>
  </v-flex-stub>
   
  <v-flex-stub
    class="cobrs-phonetic-match-title"
    tag="div"
  >
    <v-layout-stub
      fs-15=""
      fw-400=""
      pl-3=""
      tag="div"
    >
      <v-flex-stub
        tag="div"
      />
    </v-layout-stub>
  </v-flex-stub>
  <v-flex-stub
    class="cobrs-phonetic-match-spinner spinner-wrapper hidden"
    tag="div"
  >
    <v-layout-stub
      tag="div"
    >
      <v-flex-stub
        tag="div"
      >
        <spinner-stub
          classname="mini"
        />
      </v-flex-stub>
    </v-layout-stub>
  </v-flex-stub>
  <v-flex-stub
    class="conflict-no-match"
    tag="div"
  >
    <v-layout-stub
      fs-15=""
      fw-400=""
      pl-3=""
      tag="div"
    >
      <v-flex-stub
        tag="div"
      />
    </v-layout-stub>
  </v-flex-stub>
   
  <v-flex-stub
    class="phonetic-match-title"
    tag="div"
  >
    <v-layout-stub
      pl-3=""
      tag="div"
    >
      <v-flex-stub
        fw-400=""
        grow=""
        tag="div"
      />
    </v-layout-stub>
  </v-flex-stub>
  <v-flex-stub
    class="phonetic-match-spinner spinner-wrapper hidden"
    tag="div"
  >
    <v-layout-stub
      tag="div"
    >
      <v-flex-stub
        tag="div"
      >
        <spinner-stub
          classname="mini"
        />
      </v-flex-stub>
    </v-layout-stub>
  </v-flex-stub>
  <v-flex-stub
    class="conflict-no-match"
    tag="div"
  >
    <v-layout-stub
      pl-3=""
      tag="div"
    >
      <v-flex-stub
        fw-400=""
        grow=""
        tag="div"
      />
    </v-layout-stub>
  </v-flex-stub>
</v-layout-stub>
`;
