// Jest Snapshot v1, https://goo.gl/fbAQLP

exports[`ConflictList.vue renders a ConflictList component 1`] = `
<div
  class="col conflict-list-parent-col"
>
  <div
    class="row conflict-list-view"
  >
    <select
      border="0"
      class="form-control"
      id="conflict-list"
      size="17"
      tabindex="2"
    >
      <option
        value="[object Object]"
      >
        
        &lt; no exact match &gt;
      
      </option>
      <option
        value="[object Object]"
      >
        
        ***
      
      </option>
      <option
        value="[object Object]"
      >
        
        No synonym match
      
      </option>
      <option
        value="[object Object]"
      >
        
        ***
      
      </option>
    </select>
  </div>
</div>
`;
