// Jest Snapshot v1, https://goo.gl/fbAQLP

exports[`ConflictInfo.vue renders a ConflictInfo component 1`] = `
<v-container-stub
  tag="div"
>
  <spinner-stub
    classname="conflict-detail-spinner hidden"
  />
   
  <v-layout-stub
    conflict-info-view=""
    tag="div"
  >
    <v-flex-stub
      tag="div"
    >
      <nullmatch-stub />
    </v-flex-stub>
  </v-layout-stub>
</v-container-stub>
`;
