// Jest Snapshot v1, https://goo.gl/fbAQLP

exports[`CompName.vue  renders a CompName component 1`] = `
<vcontainer-stub
  fluid=""
  ma-0=""
  pa-0=""
  tag="div"
>
  <vlayout-stub
    ml-1=""
    row=""
    tag="div"
  >
    <vflex-stub
      lg6=""
      tag="div"
    >
      <table>
        <tr
          class="name-option"
        >
          <td>
            1.
          </td>
           
          <td
            id="name1"
          >
            
                
                
            <span
              class="name-state-icon"
            />
             
            <!---->
             
            <span
              class="decision-text"
            >
              
            </span>
          </td>
        </tr>
         
        <tr
          class="name-option"
        >
          <td>
            2.
          </td>
           
          <td
            id="name2"
          >
            
                
                
            <span
              class="name-state-icon"
            />
             
            <!---->
             
            <span
              class="decision-text"
            >
              
            </span>
          </td>
        </tr>
         
        <tr
          class="name-option"
        >
          <td>
            3.
          </td>
           
          <td
            id="name3"
          >
            
                
                
            <span
              class="name-state-icon"
            />
             
            <!---->
             
            <span
              class="decision-text"
              id="decision-text3"
            >
              
            </span>
          </td>
        </tr>
      </table>
    </vflex-stub>
     
    <vflex-stub
      lg6=""
      tag="div"
    >
      <!---->
    </vflex-stub>
  </vlayout-stub>
   
  <vlayout-stub
    ml-1=""
    row=""
    tag="div"
  >
    <vflex-stub
      lg12=""
      tag="div"
    >
      <!---->
    </vflex-stub>
  </vlayout-stub>
</vcontainer-stub>
`;
