// Jest Snapshot v1, https://goo.gl/fbAQLP

exports[`CompName.vue  renders a CompName component 1`] = `
<v-layout-stub
  tag="div"
  wrap=""
>
  <v-flex-stub
    bg-white=""
    lg6=""
    py-2=""
    tag="div"
  >
    <v-container-stub
      fs-18=""
      ma-0=""
      ml-3=""
      pa-0=""
      tag="div"
    >
      <v-layout-stub
        align-start=""
        class="name-option"
        tag="div"
        wrap=""
      >
        <v-flex-stub
          mr-2=""
          shrink=""
          tag="div"
        >
          1.
        </v-flex-stub>
         
        <v-flex-stub
          grow=""
          id="name1"
          ma-0=""
          pa-0=""
          tag="div"
        >
          
          
          
          <compnameicon-stub />
           
          <!---->
        </v-flex-stub>
         
        <v-flex-stub
          class="decision-text ml-4"
          lg12=""
          tag="div"
        >
          
        </v-flex-stub>
      </v-layout-stub>
       
      <v-layout-stub
        align-start=""
        class="name-option"
        tag="div"
        wrap=""
      >
        <v-flex-stub
          mr-2=""
          shrink=""
          tag="div"
        >
          2.
        </v-flex-stub>
         
        <v-flex-stub
          grow=""
          id="name2"
          ma-0=""
          pa-0=""
          tag="div"
        >
          
          
          
          <compnameicon-stub />
           
          <!---->
        </v-flex-stub>
         
        <v-flex-stub
          class="decision-text ml-4"
          lg12=""
          tag="div"
        >
          
        </v-flex-stub>
      </v-layout-stub>
       
      <v-layout-stub
        align-start=""
        class="name-option"
        tag="div"
        wrap=""
      >
        <v-flex-stub
          mr-2=""
          shrink=""
          tag="div"
        >
          3.
        </v-flex-stub>
         
        <v-flex-stub
          grow=""
          id="name3"
          ma-0=""
          pa-0=""
          tag="div"
        >
          
          
          
          <compnameicon-stub />
           
          <!---->
        </v-flex-stub>
         
        <v-flex-stub
          class="decision-text ml-4"
          lg12=""
          tag="div"
        >
          
        </v-flex-stub>
      </v-layout-stub>
    </v-container-stub>
  </v-flex-stub>
   
  <v-flex-stub
    bg-white=""
    lg6=""
    py-2=""
    tag="div"
  >
    <!---->
  </v-flex-stub>
   
  <v-flex-stub
    bg-grey=""
    lg6=""
    pl-5=""
    py-4=""
    tag="div"
  >
    <v-layout-stub
      tag="div"
    >
      <v-flex-stub
        lg8=""
        mr-3=""
        tag="div"
      >
        <v-form-stub
          id="regular-search-form"
        >
          <div
            class="examine-search-div"
            style="display: flex;"
          >
            <v-text-field-stub
              append-icon=""
              autocomplete="off"
              class="examine-search"
              id="regular-search-field"
            />
             
            <div
              class="search-icon mt-auto mb-auto"
            >
              <v-btn-stub
                activeclass="v-btn--active"
                class="m-1"
                color="white"
                flat="true"
                icon="true"
                id="regular-search-button"
                tag="button"
                type="button"
              >
                <v-icon-stub
                  id="regular-search-icon"
                >
                  search
                </v-icon-stub>
              </v-btn-stub>
            </div>
          </div>
        </v-form-stub>
      </v-flex-stub>
       
      <v-flex-stub
        lg4=""
        tag="div"
      >
        <v-form-stub
          id="exact-search-form"
        >
          <div
            class="examine-search-div"
            style="display: flex;"
          >
            <div
              style="width: 100%;"
            >
              <v-text-field-stub
                append-icon=""
                autocomplete="off"
                class="examine-search"
                id="exact-search-field"
                name="exact-search"
                placeholder="exact phrase"
                value=""
              />
            </div>
             
            <div
              class="search-icon mt-auto mb-auto"
            >
              <v-btn-stub
                activeclass="v-btn--active"
                class="m-1"
                color="white"
                flat="true"
                icon="true"
                id="exact-search-button"
                tag="button"
                type="button"
              >
                <v-icon-stub
                  id="exact-search-icon"
                >
                  search
                </v-icon-stub>
              </v-btn-stub>
            </div>
          </div>
        </v-form-stub>
      </v-flex-stub>
    </v-layout-stub>
     
    <v-layout-stub
      mt-3=""
      tag="div"
      wrap=""
    >
      <v-flex-stub
        ma-0=""
        pa-0=""
        tag="div"
      >
        <recipearea-stub
          id="name-examination"
        />
      </v-flex-stub>
    </v-layout-stub>
  </v-flex-stub>
   
  <v-flex-stub
    bg-grey=""
    lg6=""
    py-4=""
    tag="div"
  >
    <!---->
  </v-flex-stub>
</v-layout-stub>
`;
