// Jest Snapshot v1, https://goo.gl/fbAQLP

exports[`Decision.vue renders a Decision view 1`] = `
<span>
  <div
    class="row"
  >
    <div
      class="col-6 add-top-padding"
    >
      <h3>
        Conditions
      </h3>
       
      <div
        id="decision-conditions-dropdown"
      >
        <multiselect-stub
          allowempty="true"
          blockkeys=""
          clearonselect="true"
          closeonselect="true"
          customlabel="function () { [native code] }"
          deselectgrouplabel="Press enter to deselect group"
          deselectlabel=""
          internalsearch="true"
          limit="99999"
          limittext="function(t){return\\"and \\".concat(t,\\" more\\")}"
          maxheight="300"
          multiple="true"
          name="phrase"
          opendirection=""
          optionheight="40"
          options="[object Object]"
          optionslimit="1000"
          placeholder=""
          searchable="true"
          selectedlabel=""
          selectgrouplabel="Press enter to select group"
          selectlabel=""
          showlabels="true"
          shownooptions="true"
          shownoresults="true"
          showpointer="true"
          tabindex="0"
          tagplaceholder="Press enter to create a tag"
          tagposition="top"
          trackby="phrase"
          value=""
        />
      </div>
    </div>
     
    <div
      class="col-6 add-top-padding"
    >
      <h3>
        Conflicts
      </h3>
       
      <multiselect-stub
        allowempty="true"
        blockkeys=""
        clearonselect="true"
        closeonselect="true"
        customlabel="function () { [native code] }"
        deselectgrouplabel="Press enter to deselect group"
        deselectlabel=""
        internalsearch="true"
        limit="99999"
        limittext="function(t){return\\"and \\".concat(t,\\" more\\")}"
        max="3"
        maxheight="300"
        multiple="true"
        name=""
        opendirection=""
        optionheight="40"
        options=""
        optionslimit="1000"
        placeholder=""
        searchable="true"
        selectedlabel=""
        selectgrouplabel="Press enter to select group"
        selectlabel=""
        showlabels="true"
        shownooptions="true"
        shownoresults="true"
        showpointer="true"
        tabindex="0"
        tagplaceholder="Press enter to create a tag"
        tagposition="top"
        trackby="nrNumber"
        value=""
      />
    </div>
  </div>
   
  <div
    class="row"
  >
    <div
      class="col-6 add-top-padding"
    >
      <h3>
        Generic Rejection Reason (label TBD)
      </h3>
       
      <multiselect-stub
        allowempty="true"
        blockkeys=""
        clearonselect="true"
        closeonselect="true"
        customlabel="function(t,e){return i(t)?\\"\\":e?t[e]:t}"
        deselectgrouplabel="Press enter to deselect group"
        deselectlabel=""
        internalsearch="true"
        label="name"
        limit="99999"
        limittext="function(t){return\\"and \\".concat(t,\\" more\\")}"
        maxheight="300"
        multiple="true"
        name=""
        opendirection=""
        optionheight="40"
        optionslimit="1000"
        placeholder=""
        searchable="true"
        selectedlabel=""
        selectgrouplabel="Press enter to select group"
        selectlabel=""
        showlabels="true"
        shownooptions="true"
        shownoresults="true"
        showpointer="true"
        tabindex="0"
        tagplaceholder="Press enter to create a tag"
        tagposition="top"
        trackby="name"
        value=""
      />
    </div>
     
    <div
      class="col-6 add-top-padding"
    >
      <h3>
        Trademarks
      </h3>
       
      <div>
        <multiselect-stub
          allowempty="true"
          blockkeys=""
          clearonselect="true"
          closeonselect="true"
          customlabel="function () { [native code] }"
          deselectgrouplabel="Press enter to deselect group"
          deselectlabel=""
          internalsearch="true"
          limit="99999"
          limittext="function(t){return\\"and \\".concat(t,\\" more\\")}"
          maxheight="300"
          multiple="true"
          name="name"
          opendirection=""
          optionheight="40"
          options=""
          optionslimit="1000"
          placeholder=""
          searchable="true"
          selectedlabel=""
          selectgrouplabel="Press enter to select group"
          selectlabel=""
          showlabels="true"
          shownooptions="true"
          shownoresults="true"
          showpointer="true"
          tabindex="0"
          tagplaceholder="Press enter to create a tag"
          tagposition="top"
          trackby="name"
          value=""
        />
      </div>
    </div>
  </div>
   
  <div
    class="row"
  >
    <div
      class="col add-top-padding"
    />
  </div>
   
  <div
    class="row"
  >
    <div
      class="col add-top-padding"
    >
      <h3>
        Message to Requestor
      </h3>
       
      <div
        class="customer-msg-box"
      >
        <pre>
          
        </pre>
      </div>
       
      <div
        class="character_count"
      >
        
        Character count: 0
        
        <!---->
      </div>
       
      <a
        data-target="#edit-customer-message-modal"
        data-toggle="modal"
        href="#"
        id="edit-customer-message-link"
      >
        Edit...
      </a>
       
      <!---->
    </div>
  </div>
   
  <internalcomments-stub
    layout="decision"
  />
   
  <div
    class="modal fade"
    id="edit-customer-message-modal"
    role="dialog"
    tabindex="-1"
  >
    <div
      class="modal-dialog modal-lg"
      role="document"
    >
      <div
        class="modal-content"
      >
        <div
          class="modal-header"
        >
          <h5
            class="modal-title"
            id="exampleModalLabel"
          >
            Edit Customer Comments
          </h5>
           
          <button
            aria-label="Close"
            class="close"
            data-dismiss="modal"
            type="button"
          >
            <span
              aria-hidden="true"
            >
              ×
            </span>
          </button>
        </div>
         
        <div
          class="modal-body"
        >
          <textarea
            class="form-control"
            id="edit-customer-message-textarea"
            rows="10"
          />
        </div>
         
        <div
          class="modal-footer"
        >
          <button
            class="btn btn-sm btn-secondary"
            data-dismiss="modal"
            type="button"
          >
            Cancel
          </button>
           
          <button
            class="btn btn-sm btn-primary"
            type="button"
          >
            Save
          </button>
        </div>
      </div>
    </div>
  </div>
</span>
`;
