// Jest Snapshot v1, https://goo.gl/fbAQLP

exports[`App.vue  renders the App 1`] = `
<div
  style="height: 100%;"
>
  <div
    class="modal fade"
    id="error-message-modal"
    role="dialog"
  >
    <div
      class="modal-dialog modal-lg"
      role="document"
    >
      <div
        class="modal-content"
      >
        <!---->
         
        <!---->
         
        <div
          class="modal-footer"
        >
          <button
            class="btn btn-sm btn-primary"
            data-dismiss="modal"
            type="button"
          >
            Continue
          </button>
        </div>
      </div>
    </div>
  </div>
   
  <v-app-stub
    id="app"
  >
    <div
      id="app"
      style="height: 100%;"
    >
      <std-header-stub
        style="z-index: 2;"
      />
       
      <div>
        <router-view-stub
          name="default"
        />
      </div>
    </div>
  </v-app-stub>
</div>
`;
