// Jest Snapshot v1, https://goo.gl/fbAQLP

exports[`LandingPage.vue Snapshot renders a LandingPage component 1`] = `
<v-container-stub
  tag="div"
>
  <v-layout-stub
    tag="div"
  >
    <v-flex-stub
      no-auth-message=""
      tag="div"
    >
      
      Your authorization is missing or has expired. Please login.
    
    </v-flex-stub>
  </v-layout-stub>
</v-container-stub>
`;
