// Jest Snapshot v1, https://goo.gl/fbAQLP

exports[`ClientInfoHeader.vue renders a ClientInfoHeader component 1`] = `
<v-flex-stub
  tag="div"
>
  <v-container-stub
    ma-0=""
    pa-0=""
    tag="div"
  >
    <v-layout-stub
      dk-grey=""
      position-up=""
      tag="div"
      wrap=""
    >
      <v-flex-stub
        lg12=""
        tag="div"
      >
         
      </v-flex-stub>
       
      <v-flex-stub
        lg12=""
        tag="div"
      >
        
      </v-flex-stub>
       
      <!---->
       
      <v-flex-stub
        lg12=""
        tag="div"
      >
        
           
      
      </v-flex-stub>
    </v-layout-stub>
  </v-container-stub>
</v-flex-stub>
`;
