// Jest Snapshot v1, https://goo.gl/fbAQLP

exports[`ClientInfoHeader.vue renders a ClientInfoHeader component 1`] = `
<vflex-stub
  tag="div"
>
  <vcontainer-stub
    ma-0=""
    pa-0=""
    tag="div"
  >
    <vlayout-stub
      dk-grey=""
      position-up=""
      tag="div"
      wrap=""
    >
      <vflex-stub
        lg12=""
        tag="div"
      >
         
      </vflex-stub>
       
      <vflex-stub
        lg12=""
        tag="div"
      >
        
      </vflex-stub>
       
      <!---->
       
      <vflex-stub
        lg12=""
        tag="div"
      >
        
           
      
      </vflex-stub>
    </vlayout-stub>
  </vcontainer-stub>
</vflex-stub>
`;
